---
source: chainsight-cdk-macros/src/canisters/snapshot_indexer_https.rs
expression: formatted
---
use candid::{Decode, Encode};
use chainsight_cdk::core::HttpsSnapshotIndexerSourceAttrs;
use chainsight_cdk::web2::{HttpsSnapshotParam, Web2HttpsSnapshotIndexer};
use chainsight_cdk_macros::{
    chainsight_common, did_export, init_in, prepare_stable_structure,
    snapshot_indexer_https_source, stable_memory_for_vec, timer_task_func, CborSerde,
    StableMemoryStorable,
};
use ic_stable_structures::writer::Writer;
use sample_snapshot_indexer_https::*;
use std::collections::HashMap;
did_export!("sample_snapshot_indexer_https");
init_in!();
chainsight_common!();
snapshot_indexer_https_source!();
#[derive(
    Debug,
    Clone,
    candid :: CandidType,
    candid :: Deserialize,
    serde :: Serialize,
    StableMemoryStorable,
)]
#[stable_mem_storable_opts(max_size = 10000, is_fixed_size = false)]
pub struct Snapshot {
    pub value: SnapshotValue,
    pub timestamp: u64,
}
prepare_stable_structure!();
stable_memory_for_vec!("snapshot", Snapshot, 1, true);
timer_task_func!("set_task", "index");
const URL: &str = "https://api.coingecko.com/api/v3/simple/price";
fn get_attrs() -> HttpsSnapshotIndexerSourceAttrs {
    HttpsSnapshotIndexerSourceAttrs {
        queries: HashMap::from([
            ("ids".to_string(), "dai".to_string()),
            ("vs_currencies".to_string(), "usd".to_string()),
        ]),
    }
}
#[ic_cdk::query]
#[candid::candid_method(query)]
fn transform_https_response(
    response: ic_cdk::api::management_canister::http_request::TransformArgs,
) -> ic_cdk::api::management_canister::http_request::HttpResponse {
    use chainsight_cdk::web3::TransformProcessor;
    let processor =
        chainsight_cdk::web2::processors::HTTPSResponseTransformProcessor::<SnapshotValue>::new();
    processor.transform(response)
}
#[ic_cdk::update]
#[candid::candid_method(update)]
async fn index() {
    if ic_cdk::caller() != proxy() {
        panic!("Not permitted")
    }
    let indexer = Web2HttpsSnapshotIndexer::new(URL.to_string());
    let res = indexer
        .get::<String, SnapshotValue>(HttpsSnapshotParam {
            headers: vec![("content-type".to_string(), "application/json".to_string())]
                .into_iter()
                .collect(),
            queries: HashMap::from([
                ("ids".to_string(), "dai".to_string()),
                ("vs_currencies".to_string(), "usd".to_string()),
            ]),
        })
        .await
        .expect("Failed to get by indexer");
    let snapshot = Snapshot {
        value: res,
        timestamp: ic_cdk::api::time() / 1000000,
    };
    let _ = add_snapshot(snapshot.clone());
    ic_cdk::println!(
        "timestamp={}, value={:?}",
        snapshot.timestamp,
        snapshot.value
    );
}
fn _get_last_snapshot_value() -> SnapshotValue {
    get_last_snapshot().value
}
fn _get_top_snapshot_values(n: u64) -> Vec<SnapshotValue> {
    get_top_snapshots(n)
        .iter()
        .map(|s| s.value.clone())
        .collect()
}
fn _get_snapshot_value(idx: u64) -> SnapshotValue {
    get_snapshot(idx).value
}
#[ic_cdk::query]
#[candid::candid_method(query)]
pub fn get_last_snapshot_value() -> SnapshotValue {
    _get_last_snapshot_value()
}
#[ic_cdk::query]
#[candid::candid_method(query)]
pub fn get_top_snapshot_values(n: u64) -> Vec<SnapshotValue> {
    _get_top_snapshot_values(n)
}
#[ic_cdk::query]
#[candid::candid_method(query)]
pub fn get_snapshot_value(idx: u64) -> SnapshotValue {
    _get_snapshot_value(idx)
}
#[ic_cdk::update]
#[candid::candid_method(update)]
pub async fn proxy_get_last_snapshot_value(input: std::vec::Vec<u8>) -> std::vec::Vec<u8> {
    use chainsight_cdk::rpc::Receiver;
    chainsight_cdk::rpc::ReceiverProviderWithoutArgs::<SnapshotValue>::new(
        proxy(),
        _get_last_snapshot_value,
    )
    .reply(input)
    .await
}
#[ic_cdk::update]
#[candid::candid_method(update)]
pub async fn proxy_get_top_snapshot_values(input: std::vec::Vec<u8>) -> std::vec::Vec<u8> {
    use chainsight_cdk::rpc::Receiver;
    chainsight_cdk::rpc::ReceiverProvider::<u64, Vec<SnapshotValue>>::new(
        proxy(),
        _get_top_snapshot_values,
    )
    .reply(input)
    .await
}
#[ic_cdk::update]
#[candid::candid_method(update)]
pub async fn proxy_get_snapshot_value(input: std::vec::Vec<u8>) -> std::vec::Vec<u8> {
    use chainsight_cdk::rpc::Receiver;
    chainsight_cdk::rpc::ReceiverProvider::<u64, SnapshotValue>::new(proxy(), _get_snapshot_value)
        .reply(input)
        .await
}
#[derive(
    Clone,
    Debug,
    PartialEq,
    candid :: CandidType,
    serde :: Serialize,
    serde :: Deserialize,
    CborSerde,
)]
pub struct UpgradeStableState {
    pub initializing_state: InitializingState,
    pub indexing_interval: u32,
}
#[ic_cdk::pre_upgrade]
fn pre_upgrade() {
    ic_cdk::println!("start: pre_upgrade");
    let state = UpgradeStableState {
        initializing_state: get_initializing_state(),
        indexing_interval: get_indexing_interval(),
    };
    let state_bytes = state.to_cbor();
    let len = state_bytes.len() as u32;
    let mut memory = get_upgrades_memory();
    let mut writer = Writer::new(&mut memory, 0);
    writer.write(&len.to_le_bytes()).unwrap();
    writer.write(&state_bytes).unwrap();
    ic_cdk::println!("finish: pre_upgrade");
}
#[ic_cdk::post_upgrade]
fn post_upgrade() {
    ic_cdk::println!("start: post_upgrade");
    let memory = get_upgrades_memory();
    let mut state_len_bytes = [0; 4];
    memory.read(0, &mut state_len_bytes);
    let state_len = u32::from_le_bytes(state_len_bytes) as usize;
    let mut state_bytes = vec![0; state_len];
    memory.read(4, &mut state_bytes);
    let state = UpgradeStableState::from_cbor(&state_bytes);
    set_initializing_state(state.initializing_state);
    set_indexing_interval(state.indexing_interval);
    ic_cdk::println!("finish: post_upgrade");
}

