---
source: chainsight-cdk-macros/src/canisters/algorithm_lens.rs
expression: formatted
---
did_export!("app");
use candid::{Decode, Encode};
use chainsight_cdk_macros::{
    chainsight_common, did_export, init_in, lens_method, manage_single_state,
    prepare_stable_structure, stable_memory_for_scalar, CborSerde, StableMemoryStorable,
};
use ic_stable_structures::writer::Writer;
use ic_web3_rs::futures::{future::BoxFuture, FutureExt};
chainsight_common!();
init_in!(1);
prepare_stable_structure!();
use app::*;
lens_method!(10usize);

