---
source: chainsight-cdk-macros/src/canisters/snapshot_indexer_https.rs
expression: formatted
---
use candid::{Decode, Encode};
use chainsight_cdk::core::HttpsSnapshotIndexerSourceAttrs;
use chainsight_cdk::web2::{HttpsSnapshotParam, Web2HttpsSnapshotIndexer};
use chainsight_cdk_macros::{
    chainsight_common, did_export, init_in, manage_single_state, prepare_stable_structure,
    snapshot_indexer_https_source, stable_memory_for_btree_map, stable_memory_for_scalar,
    timer_task_func, CborSerde, StableMemoryStorable,
};
use ic_stable_structures::writer::Writer;
use sample_snapshot_indexer_https::*;
use std::collections::HashMap;
did_export!("sample_snapshot_indexer_https");
init_in!(2);
chainsight_common!();
snapshot_indexer_https_source!();
#[derive(
    Debug,
    Clone,
    candid :: CandidType,
    candid :: Deserialize,
    serde :: Serialize,
    StableMemoryStorable,
)]
#[stable_mem_storable_opts(max_size = 10000, is_fixed_size = false)]
pub struct Snapshot {
    pub value: SnapshotValue,
    pub timestamp: u64,
}
prepare_stable_structure!();
stable_memory_for_btree_map!("snapshot", Snapshot, 1, true);
timer_task_func!("set_task", "index", 3);
const URL: &str = "https://api.coingecko.com/api/v3/simple/price";
fn get_attrs() -> HttpsSnapshotIndexerSourceAttrs {
    HttpsSnapshotIndexerSourceAttrs {
        queries: get_queries()
            .into_iter()
            .collect::<HashMap<String, String>>(),
    }
}
#[ic_cdk::query]
#[candid::candid_method(query)]
fn transform_https_response(
    response: ic_cdk::api::management_canister::http_request::TransformArgs,
) -> ic_cdk::api::management_canister::http_request::HttpResponse {
    use chainsight_cdk::web3::TransformProcessor;
    let processor =
        chainsight_cdk::web2::processors::HTTPSResponseTransformProcessor::<SnapshotValue>::new();
    processor.transform(response)
}
#[ic_cdk::update]
#[candid::candid_method(update)]
async fn index() {
    if ic_cdk::caller() != proxy() {
        panic!("Not permitted")
    }
    let indexer = Web2HttpsSnapshotIndexer::new(URL.to_string());
    let res = indexer
        .get::<String, SnapshotValue>(HttpsSnapshotParam {
            headers: vec![("content-type".to_string(), "application/json".to_string())]
                .into_iter()
                .collect(),
            queries: get_queries()
                .into_iter()
                .collect::<HashMap<String, String>>(),
        })
        .await
        .expect("Failed to get by indexer");
    let snapshot = Snapshot {
        value: res,
        timestamp: ic_cdk::api::time() / 1000000,
    };
    add_snapshot(snapshot.clone());
    ic_cdk::println!(
        "timestamp={}, value={:?}",
        snapshot.timestamp,
        snapshot.value
    );
}
fn _get_last_snapshot_value() -> SnapshotValue {
    get_last_snapshot().value
}
fn _get_top_snapshot_values(n: u64) -> Vec<SnapshotValue> {
    get_top_snapshots(n)
        .iter()
        .map(|s| s.value.clone())
        .collect()
}
fn _get_snapshot_value(idx: u64) -> SnapshotValue {
    get_snapshot(idx).value
}
#[ic_cdk::query]
#[candid::candid_method(query)]
pub fn get_last_snapshot_value() -> SnapshotValue {
    _get_last_snapshot_value()
}
#[ic_cdk::query]
#[candid::candid_method(query)]
pub fn get_top_snapshot_values(n: u64) -> Vec<SnapshotValue> {
    _get_top_snapshot_values(n)
}
#[ic_cdk::query]
#[candid::candid_method(query)]
pub fn get_snapshot_value(idx: u64) -> SnapshotValue {
    _get_snapshot_value(idx)
}
#[ic_cdk::update]
#[candid::candid_method(update)]
pub async fn proxy_get_last_snapshot_value(input: std::vec::Vec<u8>) -> std::vec::Vec<u8> {
    use chainsight_cdk::rpc::Receiver;
    chainsight_cdk::rpc::ReceiverProviderWithoutArgs::<SnapshotValue>::new(
        proxy(),
        _get_last_snapshot_value,
    )
    .reply(input)
    .await
}
#[ic_cdk::update]
#[candid::candid_method(update)]
pub async fn proxy_get_top_snapshot_values(input: std::vec::Vec<u8>) -> std::vec::Vec<u8> {
    use chainsight_cdk::rpc::Receiver;
    chainsight_cdk::rpc::ReceiverProvider::<u64, Vec<SnapshotValue>>::new(
        proxy(),
        _get_top_snapshot_values,
    )
    .reply(input)
    .await
}
#[ic_cdk::update]
#[candid::candid_method(update)]
pub async fn proxy_get_snapshot_value(input: std::vec::Vec<u8>) -> std::vec::Vec<u8> {
    use chainsight_cdk::rpc::Receiver;
    chainsight_cdk::rpc::ReceiverProvider::<u64, SnapshotValue>::new(proxy(), _get_snapshot_value)
        .reply(input)
        .await
}

