---
source: chainsight-cdk/src/convert/candid.rs
expression: "format!(\"{:#?}\", result)"
---
(
    "get_snapshot",
    "nat64",
    "record { value : text; timestamp : nat64 }",
)
