---
source: chainsight-cdk/src/convert/candid.rs
expression: compiled
---
#![allow(dead_code, unused_imports)]
use candid::{self, CandidType, Deserialize, Principal, Encode, Decode};
pub type RequestArgsType = (u64,u64,u64,);
pub type ResponseType = Vec<(u64,Vec<f64>,)>;
