---
source: chainsight-cdk/src/convert/candid.rs
expression: "format!(\"{:#?}\", result)"
---
(
    "use_nat",
    "nat32",
    "nat",
)
