---
source: chainsight-cdk/src/convert/candid.rs
expression: compiled
---
#![allow(dead_code, unused_imports)]
use candid::{self, CandidType, Deserialize, Principal, Encode, Decode};
pub type RequestArgsType = u64;
#[derive(Clone, Debug, candid :: CandidType, candid :: Deserialize, serde :: Serialize, chainsight_cdk_macros :: StableMemoryStorable)]
pub struct ResponseType { value: String, timestamp: u64 }
