---
source: chainsight-cdk/src/convert/candid.rs
expression: "format!(\"{:#?}\", result)"
---
(
    "get_value",
    "",
    "text",
)
